// Jest Snapshot v1, https://goo.gl/fbAQLP

exports[`Login should render the component 1`] = `
Object {
  "asFragment": [Function],
  "baseElement": <body>
    <div>
      <main
        class="MuiContainer-root MuiContainer-maxWidthXs css-nzinn5-MuiContainer-root"
      >
        <div
          class="MuiBox-root css-binzgt"
        >
          <div
            class="MuiAvatar-root MuiAvatar-circular MuiAvatar-colorDefault css-1999axt-MuiAvatar-root"
          >
            <svg
              aria-hidden="true"
              class="MuiSvgIcon-root MuiSvgIcon-fontSizeMedium css-i4bv87-MuiSvgIcon-root"
              data-testid="LockOutlinedIcon"
              focusable="false"
              viewBox="0 0 24 24"
            >
              <path
                d="M18 8h-1V6c0-2.76-2.24-5-5-5S7 3.24 7 6v2H6c-1.1 0-2 .9-2 2v10c0 1.1.9 2 2 2h12c1.1 0 2-.9 2-2V10c0-1.1-.9-2-2-2zM9 6c0-1.66 1.34-3 3-3s3 1.34 3 3v2H9V6zm9 14H6V10h12v10zm-6-3c1.1 0 2-.9 2-2s-.9-2-2-2-2 .9-2 2 .9 2 2 2z"
              />
            </svg>
          </div>
          <h1
            class="MuiTypography-root MuiTypography-h5 css-ag7rrr-MuiTypography-root"
          >
            Sign in
          </h1>
          <form
            class="MuiBox-root css-164r41r"
            novalidate=""
          >
            <div
              class="MuiFormControl-root MuiFormControl-marginNormal MuiFormControl-fullWidth MuiTextField-root css-17vbkzs-MuiFormControl-root-MuiTextField-root"
              data-testid="username"
            >
              <label
                class="MuiFormLabel-root MuiInputLabel-root MuiInputLabel-formControl MuiInputLabel-animated MuiInputLabel-shrink MuiInputLabel-outlined MuiFormLabel-colorPrimary MuiFormLabel-filled Mui-focused Mui-required MuiInputLabel-root MuiInputLabel-formControl MuiInputLabel-animated MuiInputLabel-shrink MuiInputLabel-outlined css-1jy569b-MuiFormLabel-root-MuiInputLabel-root"
                data-shrink="true"
                for=":r0:"
                id=":r0:-label"
              >
                Username
                <span
                  aria-hidden="true"
                  class="MuiFormLabel-asterisk MuiInputLabel-asterisk css-wgai2y-MuiFormLabel-asterisk"
                >
                   
                  *
                </span>
              </label>
              <div
                class="MuiInputBase-root MuiOutlinedInput-root MuiInputBase-colorPrimary MuiInputBase-fullWidth Mui-focused MuiInputBase-formControl css-md26zr-MuiInputBase-root-MuiOutlinedInput-root"
              >
                <input
                  aria-invalid="false"
                  autocomplete="username"
                  class="MuiInputBase-input MuiOutlinedInput-input css-1t8l2tu-MuiInputBase-input-MuiOutlinedInput-input"
                  id=":r0:"
                  name="username"
                  required=""
                  type="text"
                  value="tylermcginnis"
                />
                <fieldset
                  aria-hidden="true"
                  class="MuiOutlinedInput-notchedOutline css-1d3z3hw-MuiOutlinedInput-notchedOutline"
                >
                  <legend
                    class="css-14lo706"
                  >
                    <span>
                      Username
                       
                      *
                    </span>
                  </legend>
                </fieldset>
              </div>
            </div>
            <div
              class="MuiFormControl-root MuiFormControl-marginNormal MuiFormControl-fullWidth MuiTextField-root css-17vbkzs-MuiFormControl-root-MuiTextField-root"
              data-testid="password"
            >
              <label
                class="MuiFormLabel-root MuiInputLabel-root MuiInputLabel-formControl MuiInputLabel-animated MuiInputLabel-shrink MuiInputLabel-outlined MuiFormLabel-colorPrimary MuiFormLabel-filled Mui-required MuiInputLabel-root MuiInputLabel-formControl MuiInputLabel-animated MuiInputLabel-shrink MuiInputLabel-outlined css-1jy569b-MuiFormLabel-root-MuiInputLabel-root"
                data-shrink="true"
                for=":r1:"
                id=":r1:-label"
              >
                Password
                <span
                  aria-hidden="true"
                  class="MuiFormLabel-asterisk MuiInputLabel-asterisk css-wgai2y-MuiFormLabel-asterisk"
                >
                   
                  *
                </span>
              </label>
              <div
                class="MuiInputBase-root MuiOutlinedInput-root MuiInputBase-colorPrimary MuiInputBase-fullWidth MuiInputBase-formControl css-md26zr-MuiInputBase-root-MuiOutlinedInput-root"
              >
                <input
                  aria-invalid="false"
                  autocomplete="current-password"
                  class="MuiInputBase-input MuiOutlinedInput-input css-1t8l2tu-MuiInputBase-input-MuiOutlinedInput-input"
                  id=":r1:"
                  name="password"
                  required=""
                  type="password"
                  value="abc321"
                />
                <fieldset
                  aria-hidden="true"
                  class="MuiOutlinedInput-notchedOutline css-1d3z3hw-MuiOutlinedInput-notchedOutline"
                >
                  <legend
                    class="css-14lo706"
                  >
                    <span>
                      Password
                       
                      *
                    </span>
                  </legend>
                </fieldset>
              </div>
            </div>
            <button
              class="MuiButtonBase-root MuiButton-root MuiButton-contained MuiButton-containedPrimary MuiButton-sizeMedium MuiButton-containedSizeMedium MuiButton-fullWidth MuiButton-root MuiButton-contained MuiButton-containedPrimary MuiButton-sizeMedium MuiButton-containedSizeMedium MuiButton-fullWidth css-1vhaqj4-MuiButtonBase-root-MuiButton-root"
              data-testid="submit-button"
              tabindex="0"
              type="submit"
            >
              Sign In
              <span
                class="MuiTouchRipple-root css-8je8zh-MuiTouchRipple-root"
              />
            </button>
          </form>
        </div>
      </main>
    </div>
  </body>,
  "container": <div>
    <main
      class="MuiContainer-root MuiContainer-maxWidthXs css-nzinn5-MuiContainer-root"
    >
      <div
        class="MuiBox-root css-binzgt"
      >
        <div
          class="MuiAvatar-root MuiAvatar-circular MuiAvatar-colorDefault css-1999axt-MuiAvatar-root"
        >
          <svg
            aria-hidden="true"
            class="MuiSvgIcon-root MuiSvgIcon-fontSizeMedium css-i4bv87-MuiSvgIcon-root"
            data-testid="LockOutlinedIcon"
            focusable="false"
            viewBox="0 0 24 24"
          >
            <path
              d="M18 8h-1V6c0-2.76-2.24-5-5-5S7 3.24 7 6v2H6c-1.1 0-2 .9-2 2v10c0 1.1.9 2 2 2h12c1.1 0 2-.9 2-2V10c0-1.1-.9-2-2-2zM9 6c0-1.66 1.34-3 3-3s3 1.34 3 3v2H9V6zm9 14H6V10h12v10zm-6-3c1.1 0 2-.9 2-2s-.9-2-2-2-2 .9-2 2 .9 2 2 2z"
            />
          </svg>
        </div>
        <h1
          class="MuiTypography-root MuiTypography-h5 css-ag7rrr-MuiTypography-root"
        >
          Sign in
        </h1>
        <form
          class="MuiBox-root css-164r41r"
          novalidate=""
        >
          <div
            class="MuiFormControl-root MuiFormControl-marginNormal MuiFormControl-fullWidth MuiTextField-root css-17vbkzs-MuiFormControl-root-MuiTextField-root"
            data-testid="username"
          >
            <label
              class="MuiFormLabel-root MuiInputLabel-root MuiInputLabel-formControl MuiInputLabel-animated MuiInputLabel-shrink MuiInputLabel-outlined MuiFormLabel-colorPrimary MuiFormLabel-filled Mui-focused Mui-required MuiInputLabel-root MuiInputLabel-formControl MuiInputLabel-animated MuiInputLabel-shrink MuiInputLabel-outlined css-1jy569b-MuiFormLabel-root-MuiInputLabel-root"
              data-shrink="true"
              for=":r0:"
              id=":r0:-label"
            >
              Username
              <span
                aria-hidden="true"
                class="MuiFormLabel-asterisk MuiInputLabel-asterisk css-wgai2y-MuiFormLabel-asterisk"
              >
                 
                *
              </span>
            </label>
            <div
              class="MuiInputBase-root MuiOutlinedInput-root MuiInputBase-colorPrimary MuiInputBase-fullWidth Mui-focused MuiInputBase-formControl css-md26zr-MuiInputBase-root-MuiOutlinedInput-root"
            >
              <input
                aria-invalid="false"
                autocomplete="username"
                class="MuiInputBase-input MuiOutlinedInput-input css-1t8l2tu-MuiInputBase-input-MuiOutlinedInput-input"
                id=":r0:"
                name="username"
                required=""
                type="text"
                value="tylermcginnis"
              />
              <fieldset
                aria-hidden="true"
                class="MuiOutlinedInput-notchedOutline css-1d3z3hw-MuiOutlinedInput-notchedOutline"
              >
                <legend
                  class="css-14lo706"
                >
                  <span>
                    Username
                     
                    *
                  </span>
                </legend>
              </fieldset>
            </div>
          </div>
          <div
            class="MuiFormControl-root MuiFormControl-marginNormal MuiFormControl-fullWidth MuiTextField-root css-17vbkzs-MuiFormControl-root-MuiTextField-root"
            data-testid="password"
          >
            <label
              class="MuiFormLabel-root MuiInputLabel-root MuiInputLabel-formControl MuiInputLabel-animated MuiInputLabel-shrink MuiInputLabel-outlined MuiFormLabel-colorPrimary MuiFormLabel-filled Mui-required MuiInputLabel-root MuiInputLabel-formControl MuiInputLabel-animated MuiInputLabel-shrink MuiInputLabel-outlined css-1jy569b-MuiFormLabel-root-MuiInputLabel-root"
              data-shrink="true"
              for=":r1:"
              id=":r1:-label"
            >
              Password
              <span
                aria-hidden="true"
                class="MuiFormLabel-asterisk MuiInputLabel-asterisk css-wgai2y-MuiFormLabel-asterisk"
              >
                 
                *
              </span>
            </label>
            <div
              class="MuiInputBase-root MuiOutlinedInput-root MuiInputBase-colorPrimary MuiInputBase-fullWidth MuiInputBase-formControl css-md26zr-MuiInputBase-root-MuiOutlinedInput-root"
            >
              <input
                aria-invalid="false"
                autocomplete="current-password"
                class="MuiInputBase-input MuiOutlinedInput-input css-1t8l2tu-MuiInputBase-input-MuiOutlinedInput-input"
                id=":r1:"
                name="password"
                required=""
                type="password"
                value="abc321"
              />
              <fieldset
                aria-hidden="true"
                class="MuiOutlinedInput-notchedOutline css-1d3z3hw-MuiOutlinedInput-notchedOutline"
              >
                <legend
                  class="css-14lo706"
                >
                  <span>
                    Password
                     
                    *
                  </span>
                </legend>
              </fieldset>
            </div>
          </div>
          <button
            class="MuiButtonBase-root MuiButton-root MuiButton-contained MuiButton-containedPrimary MuiButton-sizeMedium MuiButton-containedSizeMedium MuiButton-fullWidth MuiButton-root MuiButton-contained MuiButton-containedPrimary MuiButton-sizeMedium MuiButton-containedSizeMedium MuiButton-fullWidth css-1vhaqj4-MuiButtonBase-root-MuiButton-root"
            data-testid="submit-button"
            tabindex="0"
            type="submit"
          >
            Sign In
            <span
              class="MuiTouchRipple-root css-8je8zh-MuiTouchRipple-root"
            />
          </button>
        </form>
      </div>
    </main>
  </div>,
  "debug": [Function],
  "findAllByAltText": [Function],
  "findAllByDisplayValue": [Function],
  "findAllByLabelText": [Function],
  "findAllByPlaceholderText": [Function],
  "findAllByRole": [Function],
  "findAllByTestId": [Function],
  "findAllByText": [Function],
  "findAllByTitle": [Function],
  "findByAltText": [Function],
  "findByDisplayValue": [Function],
  "findByLabelText": [Function],
  "findByPlaceholderText": [Function],
  "findByRole": [Function],
  "findByTestId": [Function],
  "findByText": [Function],
  "findByTitle": [Function],
  "getAllByAltText": [Function],
  "getAllByDisplayValue": [Function],
  "getAllByLabelText": [Function],
  "getAllByPlaceholderText": [Function],
  "getAllByRole": [Function],
  "getAllByTestId": [Function],
  "getAllByText": [Function],
  "getAllByTitle": [Function],
  "getByAltText": [Function],
  "getByDisplayValue": [Function],
  "getByLabelText": [Function],
  "getByPlaceholderText": [Function],
  "getByRole": [Function],
  "getByTestId": [Function],
  "getByText": [Function],
  "getByTitle": [Function],
  "queryAllByAltText": [Function],
  "queryAllByDisplayValue": [Function],
  "queryAllByLabelText": [Function],
  "queryAllByPlaceholderText": [Function],
  "queryAllByRole": [Function],
  "queryAllByTestId": [Function],
  "queryAllByText": [Function],
  "queryAllByTitle": [Function],
  "queryByAltText": [Function],
  "queryByDisplayValue": [Function],
  "queryByLabelText": [Function],
  "queryByPlaceholderText": [Function],
  "queryByRole": [Function],
  "queryByTestId": [Function],
  "queryByText": [Function],
  "queryByTitle": [Function],
  "rerender": [Function],
  "unmount": [Function],
}
`;
