// Jest Snapshot v1, https://goo.gl/fbAQLP

exports[`Navbar should render the component 1`] = `
Object {
  "asFragment": [Function],
  "baseElement": <body>
    <div>
      <div>
        <nav
          class="MuiPaper-root MuiPaper-elevation MuiPaper-elevation4 MuiAppBar-root MuiAppBar-colorPrimary MuiAppBar-positionFixed mui-fixed css-gg2jnu-MuiPaper-root-MuiAppBar-root"
        >
          <div
            class="MuiToolbar-root MuiToolbar-gutters MuiToolbar-regular css-hyum1k-MuiToolbar-root"
          >
            <div
              class="MuiAvatar-root MuiAvatar-circular css-1wlk0hk-MuiAvatar-root"
            >
              <img
                class="MuiAvatar-img css-1pqm26d-MuiAvatar-img"
                src="https://pbs.twimg.com/profile_images/1428205319616798721/xmr7q976_400x400.jpg"
              />
            </div>
            <div
              class="MuiBox-root css-tq4qsl"
            >
              <div>
                tylermcginnis
              </div>
            </div>
            <div
              class="MuiBox-root css-i9gxme"
            >
              <h2
                data-testid="username"
              >
                <div>
                  Tyler McGinnis
                </div>
              </h2>
            </div>
            <div
              class="MuiBox-root css-130f8nx"
            >
              <button
                class="MuiButtonBase-root MuiButton-root MuiButton-text MuiButton-textPrimary MuiButton-sizeMedium MuiButton-textSizeMedium MuiButton-root MuiButton-text MuiButton-textPrimary MuiButton-sizeMedium MuiButton-textSizeMedium css-1e6y48t-MuiButtonBase-root-MuiButton-root"
                tabindex="0"
                type="button"
              >
                <a
                  class="MuiTypography-root MuiTypography-body1 MuiLink-root MuiLink-underlineAlways css-jj9aj1-MuiTypography-root-MuiLink-root"
                  href="/"
                  style="color: rgb(255, 255, 255);"
                >
                  Home
                </a>
                <span
                  class="MuiTouchRipple-root css-8je8zh-MuiTouchRipple-root"
                />
              </button>
              <button
                class="MuiButtonBase-root MuiButton-root MuiButton-text MuiButton-textPrimary MuiButton-sizeMedium MuiButton-textSizeMedium MuiButton-root MuiButton-text MuiButton-textPrimary MuiButton-sizeMedium MuiButton-textSizeMedium css-1kkpk3h-MuiButtonBase-root-MuiButton-root"
                tabindex="0"
                type="button"
              >
                <a
                  class="MuiTypography-root MuiTypography-body1 MuiLink-root MuiLink-underlineAlways css-jj9aj1-MuiTypography-root-MuiLink-root"
                  href="/leaderboard"
                  style="color: rgb(255, 255, 255);"
                >
                  Leaderboard
                </a>
                <span
                  class="MuiTouchRipple-root css-8je8zh-MuiTouchRipple-root"
                />
              </button>
              <button
                class="MuiButtonBase-root MuiButton-root MuiButton-text MuiButton-textPrimary MuiButton-sizeMedium MuiButton-textSizeMedium MuiButton-root MuiButton-text MuiButton-textPrimary MuiButton-sizeMedium MuiButton-textSizeMedium css-1kkpk3h-MuiButtonBase-root-MuiButton-root"
                tabindex="0"
                type="button"
              >
                <a
                  class="MuiTypography-root MuiTypography-body1 MuiLink-root MuiLink-underlineAlways css-jj9aj1-MuiTypography-root-MuiLink-root"
                  href="/add"
                  style="color: rgb(255, 255, 255);"
                >
                  New Poll
                </a>
                <span
                  class="MuiTouchRipple-root css-8je8zh-MuiTouchRipple-root"
                />
              </button>
              <button
                class="MuiButtonBase-root MuiButton-root MuiButton-text MuiButton-textPrimary MuiButton-sizeMedium MuiButton-textSizeMedium MuiButton-root MuiButton-text MuiButton-textPrimary MuiButton-sizeMedium MuiButton-textSizeMedium css-1e6y48t-MuiButtonBase-root-MuiButton-root"
                tabindex="0"
                type="button"
              >
                <a
                  class="MuiTypography-root MuiTypography-body1 MuiLink-root MuiLink-underlineAlways css-e8ta0z-MuiTypography-root-MuiLink-root"
                  href="/login"
                >
                  Logout
                </a>
                <span
                  class="MuiTouchRipple-root css-8je8zh-MuiTouchRipple-root"
                />
              </button>
            </div>
          </div>
        </nav>
      </div>
    </div>
  </body>,
  "container": <div>
    <div>
      <nav
        class="MuiPaper-root MuiPaper-elevation MuiPaper-elevation4 MuiAppBar-root MuiAppBar-colorPrimary MuiAppBar-positionFixed mui-fixed css-gg2jnu-MuiPaper-root-MuiAppBar-root"
      >
        <div
          class="MuiToolbar-root MuiToolbar-gutters MuiToolbar-regular css-hyum1k-MuiToolbar-root"
        >
          <div
            class="MuiAvatar-root MuiAvatar-circular css-1wlk0hk-MuiAvatar-root"
          >
            <img
              class="MuiAvatar-img css-1pqm26d-MuiAvatar-img"
              src="https://pbs.twimg.com/profile_images/1428205319616798721/xmr7q976_400x400.jpg"
            />
          </div>
          <div
            class="MuiBox-root css-tq4qsl"
          >
            <div>
              tylermcginnis
            </div>
          </div>
          <div
            class="MuiBox-root css-i9gxme"
          >
            <h2
              data-testid="username"
            >
              <div>
                Tyler McGinnis
              </div>
            </h2>
          </div>
          <div
            class="MuiBox-root css-130f8nx"
          >
            <button
              class="MuiButtonBase-root MuiButton-root MuiButton-text MuiButton-textPrimary MuiButton-sizeMedium MuiButton-textSizeMedium MuiButton-root MuiButton-text MuiButton-textPrimary MuiButton-sizeMedium MuiButton-textSizeMedium css-1e6y48t-MuiButtonBase-root-MuiButton-root"
              tabindex="0"
              type="button"
            >
              <a
                class="MuiTypography-root MuiTypography-body1 MuiLink-root MuiLink-underlineAlways css-jj9aj1-MuiTypography-root-MuiLink-root"
                href="/"
                style="color: rgb(255, 255, 255);"
              >
                Home
              </a>
              <span
                class="MuiTouchRipple-root css-8je8zh-MuiTouchRipple-root"
              />
            </button>
            <button
              class="MuiButtonBase-root MuiButton-root MuiButton-text MuiButton-textPrimary MuiButton-sizeMedium MuiButton-textSizeMedium MuiButton-root MuiButton-text MuiButton-textPrimary MuiButton-sizeMedium MuiButton-textSizeMedium css-1kkpk3h-MuiButtonBase-root-MuiButton-root"
              tabindex="0"
              type="button"
            >
              <a
                class="MuiTypography-root MuiTypography-body1 MuiLink-root MuiLink-underlineAlways css-jj9aj1-MuiTypography-root-MuiLink-root"
                href="/leaderboard"
                style="color: rgb(255, 255, 255);"
              >
                Leaderboard
              </a>
              <span
                class="MuiTouchRipple-root css-8je8zh-MuiTouchRipple-root"
              />
            </button>
            <button
              class="MuiButtonBase-root MuiButton-root MuiButton-text MuiButton-textPrimary MuiButton-sizeMedium MuiButton-textSizeMedium MuiButton-root MuiButton-text MuiButton-textPrimary MuiButton-sizeMedium MuiButton-textSizeMedium css-1kkpk3h-MuiButtonBase-root-MuiButton-root"
              tabindex="0"
              type="button"
            >
              <a
                class="MuiTypography-root MuiTypography-body1 MuiLink-root MuiLink-underlineAlways css-jj9aj1-MuiTypography-root-MuiLink-root"
                href="/add"
                style="color: rgb(255, 255, 255);"
              >
                New Poll
              </a>
              <span
                class="MuiTouchRipple-root css-8je8zh-MuiTouchRipple-root"
              />
            </button>
            <button
              class="MuiButtonBase-root MuiButton-root MuiButton-text MuiButton-textPrimary MuiButton-sizeMedium MuiButton-textSizeMedium MuiButton-root MuiButton-text MuiButton-textPrimary MuiButton-sizeMedium MuiButton-textSizeMedium css-1e6y48t-MuiButtonBase-root-MuiButton-root"
              tabindex="0"
              type="button"
            >
              <a
                class="MuiTypography-root MuiTypography-body1 MuiLink-root MuiLink-underlineAlways css-e8ta0z-MuiTypography-root-MuiLink-root"
                href="/login"
              >
                Logout
              </a>
              <span
                class="MuiTouchRipple-root css-8je8zh-MuiTouchRipple-root"
              />
            </button>
          </div>
        </div>
      </nav>
    </div>
  </div>,
  "debug": [Function],
  "findAllByAltText": [Function],
  "findAllByDisplayValue": [Function],
  "findAllByLabelText": [Function],
  "findAllByPlaceholderText": [Function],
  "findAllByRole": [Function],
  "findAllByTestId": [Function],
  "findAllByText": [Function],
  "findAllByTitle": [Function],
  "findByAltText": [Function],
  "findByDisplayValue": [Function],
  "findByLabelText": [Function],
  "findByPlaceholderText": [Function],
  "findByRole": [Function],
  "findByTestId": [Function],
  "findByText": [Function],
  "findByTitle": [Function],
  "getAllByAltText": [Function],
  "getAllByDisplayValue": [Function],
  "getAllByLabelText": [Function],
  "getAllByPlaceholderText": [Function],
  "getAllByRole": [Function],
  "getAllByTestId": [Function],
  "getAllByText": [Function],
  "getAllByTitle": [Function],
  "getByAltText": [Function],
  "getByDisplayValue": [Function],
  "getByLabelText": [Function],
  "getByPlaceholderText": [Function],
  "getByRole": [Function],
  "getByTestId": [Function],
  "getByText": [Function],
  "getByTitle": [Function],
  "queryAllByAltText": [Function],
  "queryAllByDisplayValue": [Function],
  "queryAllByLabelText": [Function],
  "queryAllByPlaceholderText": [Function],
  "queryAllByRole": [Function],
  "queryAllByTestId": [Function],
  "queryAllByText": [Function],
  "queryAllByTitle": [Function],
  "queryByAltText": [Function],
  "queryByDisplayValue": [Function],
  "queryByLabelText": [Function],
  "queryByPlaceholderText": [Function],
  "queryByRole": [Function],
  "queryByTestId": [Function],
  "queryByText": [Function],
  "queryByTitle": [Function],
  "rerender": [Function],
  "unmount": [Function],
}
`;
